// Jest Snapshot v1, https://goo.gl/fbAQLP

exports[`Sidebar should match the snapshot 1`] = `
ShallowWrapper {
  Symbol(enzyme.__root__): [Circular],
  Symbol(enzyme.__unrendered__): <Sidebar
    setSelectedNav={[MockFunction]}
  />,
  Symbol(enzyme.__renderer__): Object {
    "batchedUpdates": [Function],
    "checkPropTypes": [Function],
    "getNode": [Function],
    "render": [Function],
    "simulateError": [Function],
    "simulateEvent": [Function],
    "unmount": [Function],
  },
  Symbol(enzyme.__node__): Object {
    "instance": null,
    "key": undefined,
    "nodeType": "host",
    "props": Object {
      "children": Array [
        <img
          alt="Profile Picture"
          className="profile-pic"
          src="profile.jpg"
        />,
        <div
          className="nav-links"
        >
          <NavLink
            activeClassName="active"
            aria-current="page"
            className="nav-item inactive-item"
            onClick={[Function]}
            to="/bio"
          >
            Bio
          </NavLink>
          <NavLink
            activeClassName="active"
            aria-current="page"
            className="nav-item inactive-item"
            onClick={[Function]}
            to="/skills"
          >
            Skills
          </NavLink>
          <NavLink
            activeClassName="active"
            aria-current="page"
            className="nav-item inactive-item"
            onClick={[Function]}
            to="/projects"
          >
            Projects
          </NavLink>
          <NavLink
            activeClassName="active"
            aria-current="page"
            className="nav-item inactive-item"
            onClick={[Function]}
            to="/contact"
          >
            Contact
          </NavLink>
        </div>,
      ],
      "className": "nav-bar-container",
    },
    "ref": null,
    "rendered": Array [
      Object {
        "instance": null,
        "key": undefined,
        "nodeType": "host",
        "props": Object {
          "alt": "Profile Picture",
          "className": "profile-pic",
          "src": "profile.jpg",
        },
        "ref": null,
        "rendered": null,
        "type": "img",
      },
      Object {
        "instance": null,
        "key": undefined,
        "nodeType": "host",
        "props": Object {
          "children": Array [
            <NavLink
              activeClassName="active"
              aria-current="page"
              className="nav-item inactive-item"
              onClick={[Function]}
              to="/bio"
            >
              Bio
            </NavLink>,
            <NavLink
              activeClassName="active"
              aria-current="page"
              className="nav-item inactive-item"
              onClick={[Function]}
              to="/skills"
            >
              Skills
            </NavLink>,
            <NavLink
              activeClassName="active"
              aria-current="page"
              className="nav-item inactive-item"
              onClick={[Function]}
              to="/projects"
            >
              Projects
            </NavLink>,
            <NavLink
              activeClassName="active"
              aria-current="page"
              className="nav-item inactive-item"
              onClick={[Function]}
              to="/contact"
            >
              Contact
            </NavLink>,
          ],
          "className": "nav-links",
        },
        "ref": null,
        "rendered": Array [
          Object {
            "instance": null,
            "key": undefined,
            "nodeType": "function",
            "props": Object {
              "activeClassName": "active",
              "aria-current": "page",
              "children": "Bio",
              "className": "nav-item inactive-item",
              "onClick": [Function],
              "to": "/bio",
            },
            "ref": null,
            "rendered": "Bio",
            "type": [Function],
          },
          Object {
            "instance": null,
            "key": undefined,
            "nodeType": "function",
            "props": Object {
              "activeClassName": "active",
              "aria-current": "page",
              "children": "Skills",
              "className": "nav-item inactive-item",
              "onClick": [Function],
              "to": "/skills",
            },
            "ref": null,
            "rendered": "Skills",
            "type": [Function],
          },
          Object {
            "instance": null,
            "key": undefined,
            "nodeType": "function",
            "props": Object {
              "activeClassName": "active",
              "aria-current": "page",
              "children": "Projects",
              "className": "nav-item inactive-item",
              "onClick": [Function],
              "to": "/projects",
            },
            "ref": null,
            "rendered": "Projects",
            "type": [Function],
          },
          Object {
            "instance": null,
            "key": undefined,
            "nodeType": "function",
            "props": Object {
              "activeClassName": "active",
              "aria-current": "page",
              "children": "Contact",
              "className": "nav-item inactive-item",
              "onClick": [Function],
              "to": "/contact",
            },
            "ref": null,
            "rendered": "Contact",
            "type": [Function],
          },
        ],
        "type": "div",
      },
    ],
    "type": "div",
  },
  Symbol(enzyme.__nodes__): Array [
    Object {
      "instance": null,
      "key": undefined,
      "nodeType": "host",
      "props": Object {
        "children": Array [
          <img
            alt="Profile Picture"
            className="profile-pic"
            src="profile.jpg"
          />,
          <div
            className="nav-links"
          >
            <NavLink
              activeClassName="active"
              aria-current="page"
              className="nav-item inactive-item"
              onClick={[Function]}
              to="/bio"
            >
              Bio
            </NavLink>
            <NavLink
              activeClassName="active"
              aria-current="page"
              className="nav-item inactive-item"
              onClick={[Function]}
              to="/skills"
            >
              Skills
            </NavLink>
            <NavLink
              activeClassName="active"
              aria-current="page"
              className="nav-item inactive-item"
              onClick={[Function]}
              to="/projects"
            >
              Projects
            </NavLink>
            <NavLink
              activeClassName="active"
              aria-current="page"
              className="nav-item inactive-item"
              onClick={[Function]}
              to="/contact"
            >
              Contact
            </NavLink>
          </div>,
        ],
        "className": "nav-bar-container",
      },
      "ref": null,
      "rendered": Array [
        Object {
          "instance": null,
          "key": undefined,
          "nodeType": "host",
          "props": Object {
            "alt": "Profile Picture",
            "className": "profile-pic",
            "src": "profile.jpg",
          },
          "ref": null,
          "rendered": null,
          "type": "img",
        },
        Object {
          "instance": null,
          "key": undefined,
          "nodeType": "host",
          "props": Object {
            "children": Array [
              <NavLink
                activeClassName="active"
                aria-current="page"
                className="nav-item inactive-item"
                onClick={[Function]}
                to="/bio"
              >
                Bio
              </NavLink>,
              <NavLink
                activeClassName="active"
                aria-current="page"
                className="nav-item inactive-item"
                onClick={[Function]}
                to="/skills"
              >
                Skills
              </NavLink>,
              <NavLink
                activeClassName="active"
                aria-current="page"
                className="nav-item inactive-item"
                onClick={[Function]}
                to="/projects"
              >
                Projects
              </NavLink>,
              <NavLink
                activeClassName="active"
                aria-current="page"
                className="nav-item inactive-item"
                onClick={[Function]}
                to="/contact"
              >
                Contact
              </NavLink>,
            ],
            "className": "nav-links",
          },
          "ref": null,
          "rendered": Array [
            Object {
              "instance": null,
              "key": undefined,
              "nodeType": "function",
              "props": Object {
                "activeClassName": "active",
                "aria-current": "page",
                "children": "Bio",
                "className": "nav-item inactive-item",
                "onClick": [Function],
                "to": "/bio",
              },
              "ref": null,
              "rendered": "Bio",
              "type": [Function],
            },
            Object {
              "instance": null,
              "key": undefined,
              "nodeType": "function",
              "props": Object {
                "activeClassName": "active",
                "aria-current": "page",
                "children": "Skills",
                "className": "nav-item inactive-item",
                "onClick": [Function],
                "to": "/skills",
              },
              "ref": null,
              "rendered": "Skills",
              "type": [Function],
            },
            Object {
              "instance": null,
              "key": undefined,
              "nodeType": "function",
              "props": Object {
                "activeClassName": "active",
                "aria-current": "page",
                "children": "Projects",
                "className": "nav-item inactive-item",
                "onClick": [Function],
                "to": "/projects",
              },
              "ref": null,
              "rendered": "Projects",
              "type": [Function],
            },
            Object {
              "instance": null,
              "key": undefined,
              "nodeType": "function",
              "props": Object {
                "activeClassName": "active",
                "aria-current": "page",
                "children": "Contact",
                "className": "nav-item inactive-item",
                "onClick": [Function],
                "to": "/contact",
              },
              "ref": null,
              "rendered": "Contact",
              "type": [Function],
            },
          ],
          "type": "div",
        },
      ],
      "type": "div",
    },
  ],
  Symbol(enzyme.__options__): Object {
    "adapter": ReactSixteenAdapter {
      "options": Object {
        "enableComponentDidUpdateOnSetState": true,
        "legacyContextMode": "parent",
        "lifecycles": Object {
          "componentDidUpdate": Object {
            "onSetState": true,
          },
          "getChildContext": Object {
            "calledByRenderer": false,
          },
          "getDerivedStateFromProps": true,
          "getSnapshotBeforeUpdate": true,
          "setState": Object {
            "skipsComponentDidUpdateOnNullish": true,
          },
        },
      },
    },
  },
  Symbol(enzyme.__childContext__): null,
}
`;
